MPLINK 5.08, LINKER
Linker Map File - Created Sun Oct 22 18:16:00 2017

                                 Section Info
                  Section       Type    Address   Location Size(Bytes)
                ---------  ---------  ---------  ---------  ---------
                  RES_VEC       code   0x000000    program   0x000002
                   .cinit    romdata   0x000001    program   0x000004
                      ISR       code   0x000004    program   0x000640



                              Program Memory Usage 
                               Start         End      
                           ---------   ---------      
                            0x000000    0x000002      
                            0x000004    0x000323      
            803 out of 2310 program addresses used, program memory utilization is 34%



                              Symbols - Sorted by Name
                     Name    Address   Location    Storage File                     
                ---------  ---------  ---------  --------- ---------                
                label_00c   0x00000c    program     static C:\Users\bit0fun\MPLABXProjects\senior_design_reverse.X\disassembly.asm
                label_00d   0x00000d    program     static C:\Users\bit0fun\MPLABXProjects\senior_design_reverse.X\disassembly.asm
                label_015   0x000015    program     static C:\Users\bit0fun\MPLABXProjects\senior_design_reverse.X\disassembly.asm
                label_01e   0x00001e    program     static C:\Users\bit0fun\MPLABXProjects\senior_design_reverse.X\disassembly.asm
                label_029   0x000029    program     static C:\Users\bit0fun\MPLABXProjects\senior_design_reverse.X\disassembly.asm
                label_036   0x000036    program     static C:\Users\bit0fun\MPLABXProjects\senior_design_reverse.X\disassembly.asm
                label_056   0x000054    program     static C:\Users\bit0fun\MPLABXProjects\senior_design_reverse.X\disassembly.asm
                label_06c   0x00006a    program     static C:\Users\bit0fun\MPLABXProjects\senior_design_reverse.X\disassembly.asm
                label_075   0x000073    program     static C:\Users\bit0fun\MPLABXProjects\senior_design_reverse.X\disassembly.asm
                label_07c   0x00007a    program     static C:\Users\bit0fun\MPLABXProjects\senior_design_reverse.X\disassembly.asm
                label_088   0x000086    program     static C:\Users\bit0fun\MPLABXProjects\senior_design_reverse.X\disassembly.asm
                label_091   0x00008f    program     static C:\Users\bit0fun\MPLABXProjects\senior_design_reverse.X\disassembly.asm
                label_09e   0x00009c    program     static C:\Users\bit0fun\MPLABXProjects\senior_design_reverse.X\disassembly.asm
                label_0a5   0x0000a3    program     static C:\Users\bit0fun\MPLABXProjects\senior_design_reverse.X\disassembly.asm
                label_0af   0x0000a8    program     static C:\Users\bit0fun\MPLABXProjects\senior_design_reverse.X\disassembly.asm
                label_0bd   0x0000ba    program     static C:\Users\bit0fun\MPLABXProjects\senior_design_reverse.X\disassembly.asm
                label_0dd   0x0000d8    program     static C:\Users\bit0fun\MPLABXProjects\senior_design_reverse.X\disassembly.asm
                label_111   0x00010c    program     static C:\Users\bit0fun\MPLABXProjects\senior_design_reverse.X\disassembly.asm
                label_117   0x000112    program     static C:\Users\bit0fun\MPLABXProjects\senior_design_reverse.X\disassembly.asm
                label_126   0x000121    program     static C:\Users\bit0fun\MPLABXProjects\senior_design_reverse.X\disassembly.asm
                label_131   0x00012c    program     static C:\Users\bit0fun\MPLABXProjects\senior_design_reverse.X\disassembly.asm
                label_139   0x000134    program     static C:\Users\bit0fun\MPLABXProjects\senior_design_reverse.X\disassembly.asm
                label_142   0x00013d    program     static C:\Users\bit0fun\MPLABXProjects\senior_design_reverse.X\disassembly.asm
                label_148   0x000143    program     static C:\Users\bit0fun\MPLABXProjects\senior_design_reverse.X\disassembly.asm
                label_156   0x00014f    program     static C:\Users\bit0fun\MPLABXProjects\senior_design_reverse.X\disassembly.asm
                label_162   0x000158    program     static C:\Users\bit0fun\MPLABXProjects\senior_design_reverse.X\disassembly.asm
                label_175   0x00016b    program     static C:\Users\bit0fun\MPLABXProjects\senior_design_reverse.X\disassembly.asm
                label_176   0x00016c    program     static C:\Users\bit0fun\MPLABXProjects\senior_design_reverse.X\disassembly.asm
                label_177   0x00016d    program     static C:\Users\bit0fun\MPLABXProjects\senior_design_reverse.X\disassembly.asm
                label_180   0x000176    program     static C:\Users\bit0fun\MPLABXProjects\senior_design_reverse.X\disassembly.asm
                label_195   0x00018b    program     static C:\Users\bit0fun\MPLABXProjects\senior_design_reverse.X\disassembly.asm
                label_1a1   0x000197    program     static C:\Users\bit0fun\MPLABXProjects\senior_design_reverse.X\disassembly.asm
                label_1bc   0x0001af    program     static C:\Users\bit0fun\MPLABXProjects\senior_design_reverse.X\disassembly.asm
                label_1c1   0x0001b4    program     static C:\Users\bit0fun\MPLABXProjects\senior_design_reverse.X\disassembly.asm
                label_1c9   0x0001bc    program     static C:\Users\bit0fun\MPLABXProjects\senior_design_reverse.X\disassembly.asm
                label_1de   0x0001d1    program     static C:\Users\bit0fun\MPLABXProjects\senior_design_reverse.X\disassembly.asm
                label_1e2   0x0001d5    program     static C:\Users\bit0fun\MPLABXProjects\senior_design_reverse.X\disassembly.asm
                label_1e9   0x0001dc    program     static C:\Users\bit0fun\MPLABXProjects\senior_design_reverse.X\disassembly.asm
                label_204   0x0001f7    program     static C:\Users\bit0fun\MPLABXProjects\senior_design_reverse.X\disassembly.asm
                label_20f   0x000202    program     static C:\Users\bit0fun\MPLABXProjects\senior_design_reverse.X\disassembly.asm
                label_218   0x00020b    program     static C:\Users\bit0fun\MPLABXProjects\senior_design_reverse.X\disassembly.asm
                label_219   0x00020c    program     static C:\Users\bit0fun\MPLABXProjects\senior_design_reverse.X\disassembly.asm
                label_224   0x000217    program     static C:\Users\bit0fun\MPLABXProjects\senior_design_reverse.X\disassembly.asm
                label_227   0x00021a    program     static C:\Users\bit0fun\MPLABXProjects\senior_design_reverse.X\disassembly.asm
                label_25d   0x00024c    program     static C:\Users\bit0fun\MPLABXProjects\senior_design_reverse.X\disassembly.asm
                label_26a   0x000259    program     static C:\Users\bit0fun\MPLABXProjects\senior_design_reverse.X\disassembly.asm
                label_26e   0x00025d    program     static C:\Users\bit0fun\MPLABXProjects\senior_design_reverse.X\disassembly.asm
                label_26f   0x00025e    program     static C:\Users\bit0fun\MPLABXProjects\senior_design_reverse.X\disassembly.asm
                label_28b   0x00027a    program     static C:\Users\bit0fun\MPLABXProjects\senior_design_reverse.X\disassembly.asm
                label_28e   0x00027c    program     static C:\Users\bit0fun\MPLABXProjects\senior_design_reverse.X\disassembly.asm
                label_293   0x000282    program     static C:\Users\bit0fun\MPLABXProjects\senior_design_reverse.X\disassembly.asm
                label_29b   0x00028a    program     static C:\Users\bit0fun\MPLABXProjects\senior_design_reverse.X\disassembly.asm
                label_2a2   0x000291    program     static C:\Users\bit0fun\MPLABXProjects\senior_design_reverse.X\disassembly.asm
                label_2cd   0x0002bc    program     static C:\Users\bit0fun\MPLABXProjects\senior_design_reverse.X\disassembly.asm
                label_2d2   0x0002c4    program     static C:\Users\bit0fun\MPLABXProjects\senior_design_reverse.X\disassembly.asm
                label_2db   0x0002ca    program     static C:\Users\bit0fun\MPLABXProjects\senior_design_reverse.X\disassembly.asm
                label_2dc   0x0002cb    program     static C:\Users\bit0fun\MPLABXProjects\senior_design_reverse.X\disassembly.asm
                label_2e8   0x0002d7    program     static C:\Users\bit0fun\MPLABXProjects\senior_design_reverse.X\disassembly.asm
                label_2f7   0x0002e6    program     static C:\Users\bit0fun\MPLABXProjects\senior_design_reverse.X\disassembly.asm
                label_301   0x0002ee    program     static C:\Users\bit0fun\MPLABXProjects\senior_design_reverse.X\disassembly.asm
                label_303   0x0002f0    program     static C:\Users\bit0fun\MPLABXProjects\senior_design_reverse.X\disassembly.asm
                label_310   0x0002fd    program     static C:\Users\bit0fun\MPLABXProjects\senior_design_reverse.X\disassembly.asm
                label_311   0x0002fe    program     static C:\Users\bit0fun\MPLABXProjects\senior_design_reverse.X\disassembly.asm
                label_315   0x000302    program     static C:\Users\bit0fun\MPLABXProjects\senior_design_reverse.X\disassembly.asm
                label_319   0x000306    program     static C:\Users\bit0fun\MPLABXProjects\senior_design_reverse.X\disassembly.asm
                label_31d   0x00030a    program     static C:\Users\bit0fun\MPLABXProjects\senior_design_reverse.X\disassembly.asm
                label_329   0x000316    program     static C:\Users\bit0fun\MPLABXProjects\senior_design_reverse.X\disassembly.asm
                label_32a   0x000317    program     static C:\Users\bit0fun\MPLABXProjects\senior_design_reverse.X\disassembly.asm
                label_331   0x00031e    program     static C:\Users\bit0fun\MPLABXProjects\senior_design_reverse.X\disassembly.asm



                              Symbols - Sorted by Address
                     Name    Address   Location    Storage File                     
                ---------  ---------  ---------  --------- ---------                
                label_00c   0x00000c    program     static C:\Users\bit0fun\MPLABXProjects\senior_design_reverse.X\disassembly.asm
                label_00d   0x00000d    program     static C:\Users\bit0fun\MPLABXProjects\senior_design_reverse.X\disassembly.asm
                label_015   0x000015    program     static C:\Users\bit0fun\MPLABXProjects\senior_design_reverse.X\disassembly.asm
                label_01e   0x00001e    program     static C:\Users\bit0fun\MPLABXProjects\senior_design_reverse.X\disassembly.asm
                label_029   0x000029    program     static C:\Users\bit0fun\MPLABXProjects\senior_design_reverse.X\disassembly.asm
                label_036   0x000036    program     static C:\Users\bit0fun\MPLABXProjects\senior_design_reverse.X\disassembly.asm
                label_056   0x000054    program     static C:\Users\bit0fun\MPLABXProjects\senior_design_reverse.X\disassembly.asm
                label_06c   0x00006a    program     static C:\Users\bit0fun\MPLABXProjects\senior_design_reverse.X\disassembly.asm
                label_075   0x000073    program     static C:\Users\bit0fun\MPLABXProjects\senior_design_reverse.X\disassembly.asm
                label_07c   0x00007a    program     static C:\Users\bit0fun\MPLABXProjects\senior_design_reverse.X\disassembly.asm
                label_088   0x000086    program     static C:\Users\bit0fun\MPLABXProjects\senior_design_reverse.X\disassembly.asm
                label_091   0x00008f    program     static C:\Users\bit0fun\MPLABXProjects\senior_design_reverse.X\disassembly.asm
                label_09e   0x00009c    program     static C:\Users\bit0fun\MPLABXProjects\senior_design_reverse.X\disassembly.asm
                label_0a5   0x0000a3    program     static C:\Users\bit0fun\MPLABXProjects\senior_design_reverse.X\disassembly.asm
                label_0af   0x0000a8    program     static C:\Users\bit0fun\MPLABXProjects\senior_design_reverse.X\disassembly.asm
                label_0bd   0x0000ba    program     static C:\Users\bit0fun\MPLABXProjects\senior_design_reverse.X\disassembly.asm
                label_0dd   0x0000d8    program     static C:\Users\bit0fun\MPLABXProjects\senior_design_reverse.X\disassembly.asm
                label_111   0x00010c    program     static C:\Users\bit0fun\MPLABXProjects\senior_design_reverse.X\disassembly.asm
                label_117   0x000112    program     static C:\Users\bit0fun\MPLABXProjects\senior_design_reverse.X\disassembly.asm
                label_126   0x000121    program     static C:\Users\bit0fun\MPLABXProjects\senior_design_reverse.X\disassembly.asm
                label_131   0x00012c    program     static C:\Users\bit0fun\MPLABXProjects\senior_design_reverse.X\disassembly.asm
                label_139   0x000134    program     static C:\Users\bit0fun\MPLABXProjects\senior_design_reverse.X\disassembly.asm
                label_142   0x00013d    program     static C:\Users\bit0fun\MPLABXProjects\senior_design_reverse.X\disassembly.asm
                label_148   0x000143    program     static C:\Users\bit0fun\MPLABXProjects\senior_design_reverse.X\disassembly.asm
                label_156   0x00014f    program     static C:\Users\bit0fun\MPLABXProjects\senior_design_reverse.X\disassembly.asm
                label_162   0x000158    program     static C:\Users\bit0fun\MPLABXProjects\senior_design_reverse.X\disassembly.asm
                label_175   0x00016b    program     static C:\Users\bit0fun\MPLABXProjects\senior_design_reverse.X\disassembly.asm
                label_176   0x00016c    program     static C:\Users\bit0fun\MPLABXProjects\senior_design_reverse.X\disassembly.asm
                label_177   0x00016d    program     static C:\Users\bit0fun\MPLABXProjects\senior_design_reverse.X\disassembly.asm
                label_180   0x000176    program     static C:\Users\bit0fun\MPLABXProjects\senior_design_reverse.X\disassembly.asm
                label_195   0x00018b    program     static C:\Users\bit0fun\MPLABXProjects\senior_design_reverse.X\disassembly.asm
                label_1a1   0x000197    program     static C:\Users\bit0fun\MPLABXProjects\senior_design_reverse.X\disassembly.asm
                label_1bc   0x0001af    program     static C:\Users\bit0fun\MPLABXProjects\senior_design_reverse.X\disassembly.asm
                label_1c1   0x0001b4    program     static C:\Users\bit0fun\MPLABXProjects\senior_design_reverse.X\disassembly.asm
                label_1c9   0x0001bc    program     static C:\Users\bit0fun\MPLABXProjects\senior_design_reverse.X\disassembly.asm
                label_1de   0x0001d1    program     static C:\Users\bit0fun\MPLABXProjects\senior_design_reverse.X\disassembly.asm
                label_1e2   0x0001d5    program     static C:\Users\bit0fun\MPLABXProjects\senior_design_reverse.X\disassembly.asm
                label_1e9   0x0001dc    program     static C:\Users\bit0fun\MPLABXProjects\senior_design_reverse.X\disassembly.asm
                label_204   0x0001f7    program     static C:\Users\bit0fun\MPLABXProjects\senior_design_reverse.X\disassembly.asm
                label_20f   0x000202    program     static C:\Users\bit0fun\MPLABXProjects\senior_design_reverse.X\disassembly.asm
                label_218   0x00020b    program     static C:\Users\bit0fun\MPLABXProjects\senior_design_reverse.X\disassembly.asm
                label_219   0x00020c    program     static C:\Users\bit0fun\MPLABXProjects\senior_design_reverse.X\disassembly.asm
                label_224   0x000217    program     static C:\Users\bit0fun\MPLABXProjects\senior_design_reverse.X\disassembly.asm
                label_227   0x00021a    program     static C:\Users\bit0fun\MPLABXProjects\senior_design_reverse.X\disassembly.asm
                label_25d   0x00024c    program     static C:\Users\bit0fun\MPLABXProjects\senior_design_reverse.X\disassembly.asm
                label_26a   0x000259    program     static C:\Users\bit0fun\MPLABXProjects\senior_design_reverse.X\disassembly.asm
                label_26e   0x00025d    program     static C:\Users\bit0fun\MPLABXProjects\senior_design_reverse.X\disassembly.asm
                label_26f   0x00025e    program     static C:\Users\bit0fun\MPLABXProjects\senior_design_reverse.X\disassembly.asm
                label_28b   0x00027a    program     static C:\Users\bit0fun\MPLABXProjects\senior_design_reverse.X\disassembly.asm
                label_28e   0x00027c    program     static C:\Users\bit0fun\MPLABXProjects\senior_design_reverse.X\disassembly.asm
                label_293   0x000282    program     static C:\Users\bit0fun\MPLABXProjects\senior_design_reverse.X\disassembly.asm
                label_29b   0x00028a    program     static C:\Users\bit0fun\MPLABXProjects\senior_design_reverse.X\disassembly.asm
                label_2a2   0x000291    program     static C:\Users\bit0fun\MPLABXProjects\senior_design_reverse.X\disassembly.asm
                label_2cd   0x0002bc    program     static C:\Users\bit0fun\MPLABXProjects\senior_design_reverse.X\disassembly.asm
                label_2d2   0x0002c4    program     static C:\Users\bit0fun\MPLABXProjects\senior_design_reverse.X\disassembly.asm
                label_2db   0x0002ca    program     static C:\Users\bit0fun\MPLABXProjects\senior_design_reverse.X\disassembly.asm
                label_2dc   0x0002cb    program     static C:\Users\bit0fun\MPLABXProjects\senior_design_reverse.X\disassembly.asm
                label_2e8   0x0002d7    program     static C:\Users\bit0fun\MPLABXProjects\senior_design_reverse.X\disassembly.asm
                label_2f7   0x0002e6    program     static C:\Users\bit0fun\MPLABXProjects\senior_design_reverse.X\disassembly.asm
                label_301   0x0002ee    program     static C:\Users\bit0fun\MPLABXProjects\senior_design_reverse.X\disassembly.asm
                label_303   0x0002f0    program     static C:\Users\bit0fun\MPLABXProjects\senior_design_reverse.X\disassembly.asm
                label_310   0x0002fd    program     static C:\Users\bit0fun\MPLABXProjects\senior_design_reverse.X\disassembly.asm
                label_311   0x0002fe    program     static C:\Users\bit0fun\MPLABXProjects\senior_design_reverse.X\disassembly.asm
                label_315   0x000302    program     static C:\Users\bit0fun\MPLABXProjects\senior_design_reverse.X\disassembly.asm
                label_319   0x000306    program     static C:\Users\bit0fun\MPLABXProjects\senior_design_reverse.X\disassembly.asm
                label_31d   0x00030a    program     static C:\Users\bit0fun\MPLABXProjects\senior_design_reverse.X\disassembly.asm
                label_329   0x000316    program     static C:\Users\bit0fun\MPLABXProjects\senior_design_reverse.X\disassembly.asm
                label_32a   0x000317    program     static C:\Users\bit0fun\MPLABXProjects\senior_design_reverse.X\disassembly.asm
                label_331   0x00031e    program     static C:\Users\bit0fun\MPLABXProjects\senior_design_reverse.X\disassembly.asm


